// Jest Snapshot v1, https://goo.gl/fbAQLP

exports[`SearchBox matches snapshot 1`] = `
<div>
  <div
    class="search-box"
  >
    <form>
      <div
        class="search-input-group"
      >
        <input
          class="search-input"
          placeholder="Search GitHub users... (e.g., 'DeTrack')"
          type="text"
          value=""
        />
        <button
          class="search-button"
          type="submit"
        >
          Search
        </button>
      </div>
    </form>
  </div>
</div>
`;
